tests/security/rules/phase3-lifecycle.integration.test.ts(20,9): error TS2353: Object literal may only specify known properties, and 'phone_number' does not exist in type '(Without<UserCreateInput, UserUncheckedCreateInput> & UserUncheckedCreateInput) | (Without<...> & UserCreateInput)'.
tests/security/rules/phase3-lifecycle.integration.test.ts(44,9): error TS2322: Type '"IP_ADDRESS"' is not assignable to type 'DetectionCorrelationSubject'.
tests/security/rules/phase3-lifecycle.integration.test.ts(106,62): error TS2345: Argument of type '"TESTING"' is not assignable to parameter of type 'SecurityLifecycle | undefined'.
tests/security/rules/phase3-lifecycle.integration.test.ts(113,20): error TS2322: Type '"TESTING"' is not assignable to type 'SecurityLifecycle'.
tests/security/rules/phase3-lifecycle.integration.test.ts(134,18): error TS2339: Property 'status' does not exist on type '{ id: string; environment: SecurityEnvironment; classification_reason: string; lifecycle_type: SecurityLifecycle; created_at: Date; ... 27 more ...; review_notes: string | null; }'.
tests/security/rules/phase3-lifecycle.integration.test.ts(135,18): error TS2339: Property 'countermeasure_status' does not exist on type '{ id: string; environment: SecurityEnvironment; classification_reason: string; lifecycle_type: SecurityLifecycle; created_at: Date; ... 27 more ...; review_notes: string | null; }'.
tests/security/rules/phase3-lifecycle.integration.test.ts(138,27): error TS2339: Property 'alert_details' does not exist on type '{ id: string; environment: SecurityEnvironment; classification_reason: string; lifecycle_type: SecurityLifecycle; created_at: Date; ... 27 more ...; review_notes: string | null; }'.
